Γ£ö autoresearch exports offline data preflight builder for dataset verification parity (1.9102ms)
Γ£ö runPrimarySweep returns empty leaderboard without reading the file when no variants were written (33.291ms)
Γ£ö loadConfig preserves searchPolicy tabu policy from file config (7.7585ms)
Γ£ö loadConfig preserves retention pruneVariantFiles opt-out (5.0532ms)
Γ£ö loadConfig preserves incumbent search policy mutation bounds and architecture knobs (4.0914ms)
Γ£ö canonical config fingerprint ignores identity-only keys everywhere (0.5797ms)
Γ£ö collectRecentTestedCandidateFingerprints includes held, promoted, and no-new-candidate variants (0.4463ms)
Γ£ö collectTestedCandidateFingerprintsFromManifests includes challenger config and ignores malformed manifests (0.1971ms)
Γ£ö collectTestedCandidateFingerprintsFromManifests canonicalizes identity-only metadata (0.2768ms)
Γ£ö sameConfig compares deep config content, not object identity (0.4771ms)
Γ£ö resolvePromotionManifestPath prefers explicit manifest over run-id (0.2491ms)
Γ£ö resolvePromotionManifestPath resolves run-id under manifests dir (0.2507ms)
Γ£ö resolvePromotionManifestPath rejects unsafe run-id patterns (0.7203ms)
Γ£ö selectPromotionManifestSource preserves manifestOverride reference (0.1902ms)
Γ£ö withManifestPath copies manifest and preserves exact queued path (0.1805ms)
Γ£ö selectPromotionManifestSource backfills manifestPath for explicit manifest loads (0.1152ms)
Γ£ö resolvePromotionManifestPath returns null without explicit target (0.0894ms)
Γ£ö pine autoresearch exposes neutral evaluator seams for external lanes (0.0947ms)
Γ£ö evaluateMatrix honors require holdout mode and blocks pending blind holdout (2.5045ms)
Γ£ö evaluateMatrix reuses supplied cache for incumbent lab evaluations (0.8052ms)
Γ£ö evaluateMatrix short-circuits shadow labs when primary cannot promote (0.4822ms)
Γ£ö evaluateMatrix short-circuit marks shadow gates as not_evaluated (0.5461ms)
Γ£ö evaluateMatrix still evaluates shadow labs after primary hold when primary promote is optional (0.8931ms)
Γ£ö collectTestedGlobalPatchFingerprints reads v2 manifest searchPlan variants for same champion only (1.2996ms)
Γ£ö collectTestedGlobalPatchFingerprints matches same championConfigFingerprint across configId changes (0.1514ms)
Γ£ö collectTestedGlobalPatchFingerprints collects minimal manifest matched by variant championConfigFingerprint (0.1238ms)
Γ£ö collectTestedGlobalPatchFingerprints reconstructs v2 fingerprint from legacy manifest patch evidence (0.1683ms)
Γ£ö collectTestedGlobalPatchFingerprints reconstructs legacy patch from variant config and champion config (0.1836ms)
Γ£ö collectTestedGlobalPatchFingerprints rejects variant patch config disagreement poison (0.1427ms)
Γ£ö collectTestedGlobalPatchFingerprints rejects malformed stored fingerprint when reconstruction disagrees (0.114ms)
Γ£ö collectTestedGlobalPatchFingerprints ignores stored-only fingerprints without patch or config evidence (0.2669ms)
Γ£ö collectTestedGlobalPatchFingerprints reconstructs config-only variant when manifest has fingerprint but no champion config (0.2137ms)
Γ£ö collectTestedGlobalPatchFingerprints uses current config for variant-matched stale manifest config reconstruction (0.2205ms)
Γ£ö collectTestedGlobalPatchFingerprints does not collect old fingerprints for same configId changed config (0.1171ms)
Γ£ö collectTestedGlobalPatchFingerprints ignores minimal legacy manifest matched only by reused configId (0.0662ms)
Γ£ö collectTestedGlobalPatchFingerprints accepts future history event manifests (0.1618ms)
Γ£ö loadRecentCompletedManifestsForNovelty reads recent manifests and ignores missing or malformed files (19.7037ms)
Γ£ö loadRecentCompletedManifestsForNovelty can scan all retained manifests for novelty (11.0088ms)
Γ£ö buildRegimeAwareSearchBatch skips tested global patch outside recent manifest window when all retained manifests are loaded (13.6505ms)
Γ£ö pine-autoresearch --help exits before config load or lock acquisition (2043.1812ms)
Γ£ö pine-autoresearch -h exits before config load or lock acquisition (2036.5244ms)
Γ£ö pine-autoresearch help exits before config load or lock acquisition (1531.307ms)
Γ£ö pine-autoresearch-run.ps1 parses cleanly (1007.2892ms)
Γ£ö pine-autoresearch-scheduler-health.ps1 parses cleanly (997.15ms)
Γ£ö pine scheduler-health npm script points at health command (1.0276ms)
Γ£ö pine-autoresearch-scheduler-health.ps1 reports healthy when lock is missing (1090.7964ms)
Γ£ö pine-autoresearch-scheduler-health.ps1 reports busy for a fresh live lock (1089.7746ms)
Γ£ö pine-autoresearch-scheduler-health.ps1 inspects and reclaims a dead-owner lock (2272.7526ms)
Γ£ö pine-autoresearch-run.ps1 dry-run skips lock acquisition (1164.1085ms)
Γ£ö pine-autoresearch-run.ps1 skips a fresh scheduler lock (1195.3244ms)
Γ£ö pine-autoresearch-run.ps1 reclaims a stale dead scheduler lock (2293.546ms)
Γ£ö pine-autoresearch-run.ps1 reclaims stale scheduler lock when pid was reused by another process (2302.8258ms)
Γ£ö pine-autoresearch-run.ps1 removes its lock after a nonzero command (2638.8573ms)
Γ£ö scheduler wrapper reports failure when command exits zero without manifest marker (2816.7789ms)
Γ£ö scheduler wrapper validates required manifest JSON and runId (14605.1598ms)
Γ£ö pine-autoresearch-run.ps1 drains stderr without pipe deadlock (2933.7784ms)
Γ£ö pine-autoresearch-run.ps1 times out hung command and removes scheduler lock (4598.6323ms)
Γ£ö autoresearchLockPath points at state/autoresearch.lock.json (0.2291ms)
Γ£ö shouldUseAutoresearchLock only wraps state-mutating commands (0.0822ms)
Γ£ö formatAutoresearchLockSkip preserves reclaim_in_progress reason (0.0955ms)
Γ£ö decideAutoresearchOutcome recommends promote when all gates pass (0.2874ms)
Γ£ö decideAutoresearchOutcome rejects small noise deltas with significance gate (0.1729ms)
Γ£ö decideAutoresearchOutcome promotes sufficiently large relative score deltas (0.1019ms)
Γ£ö decideAutoresearchOutcome preserves earlier failure reasons when significance also fails (0.104ms)
Γ£ö decideAutoresearchOutcome passes parent minTradeCount to significance gate (unified default) (0.0941ms)
Γ£ö decideAutoresearchOutcome blocks promotion when blind holdout verdict is required synchronously (0.1781ms)
Γ£ö decideAutoresearchOutcome rejects near-zero ROI improvement despite other passing gates (0.4212ms)
Γ£ö decideAutoresearchOutcome holds when profitability floor sees non-finite challenger metrics (0.2146ms)
Γ£ö decideAutoresearchOutcome profitability floor trade-count-only failure summary is specific (0.1588ms)
Γ£ö promotion call sites pass holdout verdict required inputs (2.2768ms)
Γ£ö blind-holdout run passes configured labs without prior verdict (4948.1211ms)
Γ£ö decideAutoresearchOutcome recommends hold when trade ratio collapses (0.3239ms)
Γ£ö decideAutoresearchOutcome marks unchanged challenger as steady-state hold (0.2095ms)
Γ£ö decideAutoresearchOutcome accepts return-basis optimizer metrics with raw diagnostic totals (0.1414ms)
Γ£ö shouldQueuePromotionManifest returns true for changed promote manifests (0.2165ms)
Γ£ö shouldQueuePromotionManifest returns false for hold or unchanged fingerprints (0.0925ms)
Γ£ö shouldQueuePromotionManifest returns false when challenger config or candidate fingerprint is missing (0.0594ms)
Γ£ö decideQueuedPromotionAction promotes valid queued manifest (0.2192ms)
Γ£ö decideQueuedPromotionAction rejects stale stored champion fingerprint when current config exists (0.0855ms)
Γ£ö decideQueuedPromotionAction accepts stored legacy champion fingerprint only when current config is absent (0.0605ms)
Γ£ö decideQueuedPromotionAction marks stale when champion changed since queued decision (0.0532ms)
Γ£ö decideQueuedPromotionAction does not go stale when only champion identity metadata changed (0.0988ms)
Γ£ö decideQueuedPromotionAction fails when queued family identity differs from manifest (0.0751ms)
Γ£ö decideQueuedPromotionAction fails on champion family mismatch between queued and manifest (0.0793ms)
Γ£ö decideQueuedPromotionAction promotes when queued lineage fields missing for backward compatibility (0.0649ms)
Γ£ö decideQueuedPromotionAction holds stale when queued champion fingerprint is missing (0.1424ms)
Γ£ö decideQueuedPromotionAction marks safety failure when autopromote gates fail (0.1485ms)
Γ£ö resolveAutopromoteQueueStatus maps promoted false results to a queue status (0.1157ms)
Γ£ö canForceQueuedPromotion only allows explicit operator or queue blocks (0.0635ms)
Γ£ö decideQueuedPromotionAction fails when queued manifest is missing or runId mismatches (0.0636ms)
Γ£ö decideCycleStartAction skips when pending promotion exists and not forced (0.0733ms)
Γ£ö decideCycleStartAction allows forced cycle with pending promotion (0.0428ms)
Γ£ö decideCycleStartAction runs when no pending promotion exists (0.0319ms)
Γ£ö resolveEffectiveRuntimeExchange uses pinned cache exchange for pinned runs (0.0425ms)
Γ£ö buildPromotionQueueItem accepts a promote manifest from autoresearch output (0.1477ms)
Γ£ö legacy promote manifests without regime-exit fields remain queueable and promotable (0.1193ms)
Γ£ö regime-exit manifest shadow signals stay advisory and cannot bypass failing promotion gates (0.1691ms)
Γ£ö decideAutoresearchOutcome holds when expectancy regresses despite a higher win rate (0.3051ms)
Γ£ö decideAutoresearchOutcome can promote when expectancy improves even if win rate falls (0.1177ms)
Γ£ö decideMatrixPromotion recommends promote when primary and enough shadows pass (0.0991ms)
Γ£ö decideMatrixPromotion does not report perfect zero shadow ratio (0.0664ms)
Γ£ö decideMatrixPromotion recommends hold when primary wins but shadows reject (0.0575ms)
Γ£ö decideMatrixPromotion explains steady-state hold clearly (0.0953ms)
Γ£ö decideMatrixPromotion marks shadow gates not_evaluated when shadowsEvaluated=false (0.0908ms)
Γ£ö decideMatrixPromotion passes shadow gates when zero shadows and zero thresholds (0.0602ms)
Γ£ö decideAutoPromotionAction requires matrix pass, change, cooldown, and quota (0.4513ms)
Γ£ö decideAutoPromotionAction tolerates non-array historyEvents and preserves legacy promote outcome (0.1189ms)
Γ£ö decideAutoPromotionAction ignores malformed historyEvents entries and preserves legacy promote outcome (0.1039ms)
Γ£ö decideAutoPromotionAction tolerates null policy and defaults to disabled hold (0.0893ms)
Γ£ö decideAutoPromotionAction keeps legacy promote when lineagePolicy is missing (0.0663ms)
Γ£ö decideAutoPromotionAction blocks when candidate is unchanged (0.0685ms)
Γ£ö decideAutoPromotionAction blocks numeric ping-pong reversal without exact fingerprint match (1.3245ms)
Γ£ö decideAutoPromotionAction blocks direct ping-pong reversal without extra margin (0.2103ms)
Γ£ö decideAutoPromotionAction falls back to history lineage when policy.lineage is malformed array (0.1549ms)
Γ£ö decideAutoPromotionAction falls back to history lineage when policy.lineage is malformed scalar (0.1395ms)
Γ£ö decideAutoPromotionAction ignores injected policy lineage and derives lineage from history events (0.1413ms)
Γ£ö decideAutoPromotionAction allows direct reversal with extra matrix margin (0.1063ms)
Γ£ö extractChampionBootstrapCandidate accepts direct seed payloads (0.0904ms)
Γ£ö selectChampionBootstrapSource prefers latest promoted challenger before seed file (0.1049ms)
Γ£ö selectChampionBootstrapSource falls back to tracked seed file when latest manifest is absent (0.0443ms)
Γ£ö summarizeDigestAnnouncement includes matrix lab counts (0.2094ms)
Γ£ö summarizeDigestAnnouncement compresses steady-state loops (0.073ms)
Γ£ö computeSweepOffset advances hourly scout batches across prior cycles (0.089ms)
Γ£ö planArtifactPrune keeps latest manifest-backed runs and deletes older plus partial artifacts (0.2148ms)
Γ£ö planArtifactPrune can preserve all manifest-backed runs when keepLatestRuns covers them (0.0725ms)
Γ£ö pruneRunArtifacts deletes stale variant files while retaining latest manifest-backed variants (30.8284ms)
Γ£ö pruneRunArtifacts preserves partial variant files when partial pruning is disabled (12.7282ms)
Γ£ö pruneRunArtifacts honors pruneVariantFiles opt-out (9.5858ms)
Γ£ö buildParetoShortlist keeps non-dominated configs and always retains champion (0.5576ms)
Γ£ö buildParetoShortlist can reserve all shortlist slots for challengers (0.2678ms)
Γ£ö buildParetoShortlist keeps challenger with champion configId but changed semantic config (0.2015ms)
Γ£ö buildParetoShortlist excludes canonical champion-equivalent challenger with different identity fields (0.1662ms)
Γ£ö buildParetoShortlist deduplicates semantic challenger configs before backfill (0.1264ms)
Γ£ö selectRobustMatrixCandidate prefers multi-window strength over single primary peak (0.1497ms)
Γ£ö selectChangedMatrixCandidate ignores unchanged champion candidates (0.1387ms)
Γ£ö selectChangedMatrixCandidate returns null when only champion is available (0.0553ms)
Γ£ö selectChangedMatrixCandidate returns null for an exhausted empty candidate batch (0.0419ms)
Γ£ö selectChangedMatrixCandidate skips malformed candidates without challenger config (0.0619ms)
Γ£ö selectChangedMatrixCandidate returns null when only malformed candidates are available (0.0374ms)
Γ£ö buildScoutOrchestrationState includes entry invariance verdict from recent cycles (1.7712ms)
Γ£ö buildScoutOrchestrationState exposes lane budget debt in manifest debug state (0.3285ms)
Γ£ö buildScoutOrchestrationState persists explicit stagnation escape metadata (0.2619ms)
Γ£ö applySchedulerStateToManifest preserves explicit stagnation metadata while allowing new escape metadata upstream (0.1525ms)
Γ£ö stagnation escape ladderScale deepens emitted global mutation ladders (0.9696ms)
Γ£ö stagnation escape can emit architecture keys only through progressive global widening (4.5573ms)
Γ£ö stagnation escape progressive global widening honors frozen architecture keys (2.6473ms)
Γ£ö stagnation escape multiKeyMutationCount emits safe multi-key generated mutations (0.6487ms)
Γ£ö buildScoutOrchestrationState exposes search efficiency metadata in manifest (0.3875ms)
Γ£ö buildScoutOrchestrationState does not treat generic empty search batch as all candidates tabu (0.2734ms)
Γ£ö buildScoutOrchestrationState only marks all candidates tabu from explicit generator signal (0.2569ms)
Γ£ö build cycle history event retains efficiency metadata (0.3565ms)
Γ£ö build cycle history event retains duration metadata (0.1016ms)
Γ£ö resolveConsumedBudgetLane pays down only a lane present in final variants (0.1414ms)
Γ£ö resolveLaneBudgetDebtAdvance does not accrue disabled lane debt (0.6969ms)
Γ£ö force-entry-mutation search policy produces entry-key mutations in generated variants (3.8071ms)
Γ£ö entry invariance enforcement injects entry mutation after generated globalAllParameter lane selection (3.7435ms)
Γ£ö entry invariance enforcement does not replay object-shaped tabu after active-track entry mutation (2.4197ms)
Γ£ö entry invariance enforcement fails closed when every forced final config is tabu (1.6343ms)
Γ£ö entry invariance enforcement injects entry mutation after generated exitRegime lane selection (3.2731ms)
Γ£ö early hold manifests preserve entry invariance verdict (0.4599ms)
Γ£ö early hold manifests and scheduler inputs use canonical config fingerprints (0.3472ms)
Γ£ö entry invariance manifest cycle unions selected challenger delta and generated variant patch keys (0.2144ms)
Γ£ö buildScoutOrchestrationState marks no-new-candidate when selected candidate equals champion (0.5146ms)
Γ£ö buildScoutOrchestrationState leaves challenger shortlist empty when sweep only returns champion (0.3487ms)
Γ£ö buildScoutOrchestrationState wires variant files, shortlist, matrix selection, and manifest fields (2.1432ms)
Γ£ö buildScoutOrchestrationState keeps heavy lab analysis out of the persisted manifest (0.7943ms)
Γ£ö buildScoutOrchestrationState evaluates top-candidate similarity across the full candidate set (0.4902ms)
Γ£ö pine script exports regime-facing features for asymmetry diagnostics (5.175ms)
Γ£ö applySchedulerStateToManifest overwrites persisted stagnation metadata with post-cycle scheduler state (0.2188ms)
Γ£ö buildScoutRegimeAnalysisArtifact aggregates all selected-candidate lab analyses (2.513ms)
Γ£ö buildScoutRegimeAnalysisArtifact keeps analysis output available even without qualifying trade rows (0.659ms)
Γ£ö buildScoutOrchestrationState records active track and novelty metadata (0.6492ms)
Γ£ö normalizeTabuEntries migrates legacy string tabu entries to champion-scoped objects (0.3464ms)
Γ£ö mergeSchedulerTabuFingerprints bootstraps recent manifest rejects without losing existing tabu state (0.6344ms)
Γ£ö mergeSchedulerTabuFingerprints prunes stale old-champion object entries (0.1623ms)
Γ£ö resolveTrackSelectionState advances cycle index when no-change rotation clears the active track (0.3474ms)
Γ£ö resolveTrackSelectionState pre-rotates on prior novelty and max-cycle evidence (0.1551ms)
Γ£ö buildScoutOrchestrationState persists candidate and champion lineage keys (0.4437ms)
Γ£ö buildScoutOrchestrationState does not inherit a stale lastRotationTrigger (0.3209ms)
Γ£ö buildScoutOrchestrationState exposes stagnation metadata in manifest (0.3186ms)
Γ£ö runPromote fails closed when latest pointer canonical manifest is invalid (21.6551ms)
Γ£ö runPromote rejects pending required holdout even with force (17.7629ms)
Γ£ö runPromote rejects failed required holdout even with force (14.8284ms)
Γ£ö runPromote preserves explicit manifest override when latest pointer is invalid (23.3367ms)
Γ£ö buildPromotionHistoryEvent carries configs for lineage reversal checks (0.2614ms)
Γ£ö promotion history event records from/to fingerprints and family keys (27.421ms)
Γ£ö renderScoutMarkdown emits Search plan and Pareto shortlist only once (0.6027ms)
Γ£ö renderScoutMarkdown handles primary sweep skipped artifact (0.1446ms)
Γ£ö renderDigestMarkdown includes search-plan, shortlist summary, and rotation diagnostics (0.2237ms)
Γ£ö renderDigestMarkdown reports no-new-candidate self-loop state (0.1306ms)
Γ£û default autoresearch config enables incumbent-local shortlist policy (2.504ms)
Γ£ö default autoresearch config rotates across multiple pinned windows (1.3591ms)
Γ£ö complexity penalty makes newly activated parameters pay for degrees of freedom (0.3344ms)
Γ£ö loadConfig normalizes blind holdout labs with slug + merged thresholds (3.276ms)
Γ£ö loadConfig exposes lineage and stagnation guardrail defaults (4.6865ms)
Γ£ö loadConfig preserves lineagePolicy defaults when raw overrides only one field (3.7794ms)
Γ£ö loadConfig preserves stagnation defaults when raw overrides subset of fields (3.8851ms)
Γ£ö offline strict missing path builds skip result + history payload with compact lab timestamps (0.2769ms)
Γ£ö buildRegimeExitStateForScout reports real candidate counts without previewOnly when selected lane generated variants (0.8571ms)
Γ£ö buildRegimeAwareSearchBatch injects selected exitRegime candidates (1.9215ms)
Γ£ö buildRegimeAwareSearchBatch applies stagnation escape knobs to exitRegime generation (3.0291ms)
Γ£ö buildRegimeAwareSearchBatch skips duplicate exitRegime variants from prior manifests (1.9614ms)
Γ£ö buildRegimeExitStateForScout reports exhausted exitRegime lane with manifest evidence (3.3508ms)
Γ£ö buildScoutOrchestrationState persists global patch fingerprints from real searchBatch input (1.0285ms)
Γ£ö collectTestedGlobalPatchFingerprints reads fingerprints from buildScoutOrchestrationState manifest (0.6636ms)
Γ£ö buildRegimeAwareSearchBatch skips duplicate globalAllParameter variants from history and manifests (1.6319ms)
Γ£ö buildRegimeAwareSearchBatch returns exhausted globalAllParameter [] and does not fall back (3.0351ms)
Γ£ö buildRegimeExitStateForScout reports exhausted globalAllParameter lane with manifest-derived evidence (2.6707ms)
Γ£ö buildRegimeExitStateForScout skips exhausted globalAllParameter lane for same champion when alternatives are enabled (0.3683ms)
Γ£ö buildRegimeExitStateForScout ignores old globalAllParameter exhaustion after champion config changes (0.2637ms)
Γ£ö selectNextResearchLane does not let preferred-lane budget debt override exhaustion (0.1313ms)
Γ£ö shouldSkipGlobalAllParameterSweep returns true only for exhausted empty globalAllParameter sweep (2.4125ms)
Γ£ö buildStagnationEscapeSearchPolicy extends novelty policy during progressive widen (0.1402ms)
Γ£ö resolveSearchEfficiencyExploitExhausted respects real Task 6 exhaustion source metadata (0.1636ms)
Γ£ö resolveScoutStagnationEscape uses generated-lane exhaustion and avoids generic no-search false positives (0.308ms)
Γ£ö buildGlobalAllParameterExhaustedManifest records exhausted globalAllParameter evidence (1.8094ms)
Γ£ö runScout does not pay down selected robustness debt when active track variants consume the cycle (60.5504ms)
Γ£ö runScout records next non-global lane after exhausted globalAllParameter hold when alternatives are enabled (43.099ms)
Γ£ö runScout exhaustion marker never reaches sweep executable pipeline (40.3386ms)
Γ£ö runScout skips primary sweep and records selected exitRegime exhaustion without fallback variants (42.8033ms)
Γ£ö runScout skips primary sweep and updates scheduler state when globalAllParameter is exhausted (41.3782ms)
Γ£ö runScout exhausted globalAllParameter finalizes comparable artifacts and markdown without undefined (47.1208ms)
Γ£ö runScout returns terminal no-lane hold when only globalAllParameter lane is boolean-enabled and already exhausted (40.1901ms)
Γ£ö runScout treats dashed persisted global lane exhaustion as terminal no-lane hold (33.0142ms)
Γ£ö runScout offline-strict missing branch appends cycle history and returns skipped payload (44.3527ms)
Γ£ö partitionLabs keeps blind holdout out of selection labs (0.3012ms)
Γ£ö partitionLabs throws when primaryLab is missing but shadowLabs exist (0.1331ms)
Γ£ö partitionLabs returns empty arrays when both are empty (0.0594ms)
Γ£ö shortConfigLabel produces readable short label (0.0863ms)
Γä╣ tests 229
Γä╣ suites 0
Γä╣ pass 228
Γä╣ fail 1
Γä╣ cancelled 0
Γä╣ skipped 0
Γä╣ todo 0
Γä╣ duration_ms 53853.209

Γ£û failing tests:

test at tests\pine-autoresearch.test.mjs:5537:1
Γ£û default autoresearch config enables incumbent-local shortlist policy (2.504ms)
  AssertionError [ERR_ASSERTION]: Expected values to be strictly deep-equal:
  + actual - expected
  
    {
      enabled: true,
      rejectWrGainAvgWinLoss: true,
  +   requireExpectancyNonRegression: false,
  -   requireExpectancyNonRegression: true,
      wrJumpDiagnosticThreshold: 8
    }
  
      at TestContext.<anonymous> (file:///D:/Code/Experiment/backtest-kit-project/tests/pine-autoresearch.test.mjs:5577:10)
      at async Test.run (node:internal/test_runner/test:1208:7)
      at async Test.processPendingSubtests (node:internal/test_runner/test:831:7) {
    generatedMessage: true,
    code: 'ERR_ASSERTION',
    actual: { enabled: true, wrJumpDiagnosticThreshold: 8, rejectWrGainAvgWinLoss: true, requireExpectancyNonRegression: false },
    expected: { enabled: true, wrJumpDiagnosticThreshold: 8, rejectWrGainAvgWinLoss: true, requireExpectancyNonRegression: true },
    operator: 'deepStrictEqual',
    diff: 'simple'
  }
